// Jest Snapshot v1, https://goo.gl/fbAQLP

exports[`test the LayerList component should allow for custom className 1`] = `"<ul class=\\"sdk-layer-list foo\\"><li class=\\"sdk-layer\\"><span class=\\"sdk-checkbox\\"><input type=\\"checkbox\\"></span><span class=\\"sdk-name\\">custom-layer-title</span></li><li class=\\"sdk-layer\\"><span class=\\"sdk-checkbox\\"><input type=\\"checkbox\\"></span><span class=\\"sdk-name\\">null-test</span></li><li class=\\"sdk-layer\\"><span class=\\"sdk-checkbox\\"><input type=\\"checkbox\\"></span><span class=\\"sdk-name\\">image-test</span></li><li class=\\"sdk-layer\\"><span class=\\"sdk-checkbox\\"><input type=\\"checkbox\\"></span><span class=\\"sdk-name\\">href-test</span></li><li class=\\"sdk-layer\\"><span class=\\"sdk-checkbox\\"><input type=\\"checkbox\\"></span><span class=\\"sdk-name\\">html-test</span></li><li class=\\"sdk-layer\\"><span class=\\"sdk-checkbox\\"><input type=\\"checkbox\\"></span><span class=\\"sdk-name\\">wms-test</span></li><li class=\\"sdk-layer\\"><span class=\\"sdk-checkbox\\"><input type=\\"checkbox\\"></span><span class=\\"sdk-name\\">osm</span></li></ul>"`;

exports[`test the LayerList component should handle grouping 1`] = `"<ul><li><!-- react-text: 3 -->Base Maps<!-- /react-text --><ul><li class=\\"sdk-layer\\"><span class=\\"sdk-checkbox\\"><input type=\\"checkbox\\"></span><span class=\\"sdk-name\\">osm</span></li></ul></li><li><!-- react-text: 10 -->Overlays<!-- /react-text --><ul><li class=\\"sdk-layer\\"><span class=\\"sdk-checkbox\\"><input type=\\"checkbox\\"></span><span class=\\"sdk-name\\">image-test</span></li><li class=\\"sdk-layer\\"><span class=\\"sdk-checkbox\\"><input type=\\"checkbox\\"></span><span class=\\"sdk-name\\">wms-test</span></li></ul></li><li class=\\"sdk-layer\\"><span class=\\"sdk-checkbox\\"><input type=\\"checkbox\\"></span><span class=\\"sdk-name\\">custom-layer-title</span></li><li class=\\"sdk-layer\\"><span class=\\"sdk-checkbox\\"><input type=\\"checkbox\\"></span><span class=\\"sdk-name\\">null-test</span></li><li class=\\"sdk-layer\\"><span class=\\"sdk-checkbox\\"><input type=\\"checkbox\\"></span><span class=\\"sdk-name\\">href-test</span></li><li class=\\"sdk-layer\\"><span class=\\"sdk-checkbox\\"><input type=\\"checkbox\\"></span><span class=\\"sdk-name\\">html-test</span></li></ul>"`;
